Starting a Gradle Daemon, 1 incompatible and 10 stopped Daemons could not be reused, use --status for details
> Task :api:checkKotlinGradlePluginConfigurationErrors SKIPPED
> Task :api:compileKotlin UP-TO-DATE
> Task :api:compileJava NO-SOURCE
> Task :api:processResources NO-SOURCE
> Task :api:classes UP-TO-DATE
> Task :api:jar UP-TO-DATE
> Task :config:checkKotlinGradlePluginConfigurationErrors SKIPPED
> Task :config:preBuild UP-TO-DATE
> Task :config:preDebugBuild UP-TO-DATE
> Task :config:generateDebugResValues UP-TO-DATE
> Task :config:generateDebugResources UP-TO-DATE
> Task :config:packageDebugResources UP-TO-DATE
> Task :config:processDebugNavigationResources UP-TO-DATE
> Task :config:parseDebugLocalResources UP-TO-DATE
> Task :config:generateDebugRFile UP-TO-DATE
> Task :config:kspDebugKotlin UP-TO-DATE
> Task :config:compileDebugKotlin UP-TO-DATE
> Task :config:javaPreCompileDebug UP-TO-DATE
> Task :config:compileDebugJavaWithJavac UP-TO-DATE
> Task :config:bundleLibCompileToJarDebug UP-TO-DATE
> Task :data:checkKotlinGradlePluginConfigurationErrors SKIPPED
> Task :data:preBuild UP-TO-DATE
> Task :data:preDebugBuild UP-TO-DATE
> Task :data:generateDebugBuildConfig UP-TO-DATE
> Task :data:generateDebugResValues UP-TO-DATE
> Task :data:generateDebugResources UP-TO-DATE
> Task :data:packageDebugResources UP-TO-DATE
> Task :data:processDebugNavigationResources UP-TO-DATE
> Task :data:parseDebugLocalResources UP-TO-DATE
> Task :data:generateDebugRFile UP-TO-DATE
> Task :data:kspDebugKotlin UP-TO-DATE
> Task :data:compileDebugKotlin UP-TO-DATE
> Task :data:javaPreCompileDebug UP-TO-DATE
> Task :data:compileDebugJavaWithJavac UP-TO-DATE
> Task :data:copyRoomSchemas NO-SOURCE
> Task :data:bundleLibCompileToJarDebug UP-TO-DATE
> Task :features:common:checkKotlinGradlePluginConfigurationErrors SKIPPED
> Task :features:common:preBuild UP-TO-DATE
> Task :features:common:preDebugBuild UP-TO-DATE
> Task :features:common:generateDebugResValues UP-TO-DATE
> Task :features:common:generateDebugResources UP-TO-DATE
> Task :features:common:packageDebugResources UP-TO-DATE
> Task :features:common:processDebugNavigationResources UP-TO-DATE
> Task :features:common:parseDebugLocalResources UP-TO-DATE
> Task :features:common:generateDebugRFile UP-TO-DATE
> Task :features:common:compileDebugKotlin UP-TO-DATE
> Task :features:common:javaPreCompileDebug UP-TO-DATE
> Task :features:common:compileDebugJavaWithJavac NO-SOURCE
> Task :features:common:bundleLibCompileToJarDebug UP-TO-DATE
> Task :features:seat:checkKotlinGradlePluginConfigurationErrors SKIPPED
> Task :features:seat:preBuild UP-TO-DATE
> Task :features:seat:preDebugBuild UP-TO-DATE
> Task :features:seat:generateDebugResValues UP-TO-DATE
> Task :features:seat:generateDebugResources UP-TO-DATE
> Task :features:seat:packageDebugResources UP-TO-DATE
> Task :features:seat:processDebugNavigationResources UP-TO-DATE
> Task :features:seat:parseDebugLocalResources UP-TO-DATE
> Task :features:seat:generateDebugRFile UP-TO-DATE
> Task :features:theme:preBuild UP-TO-DATE
> Task :features:theme:preDebugBuild UP-TO-DATE
> Task :features:theme:generateDebugResValues UP-TO-DATE
> Task :features:theme:generateDebugResources UP-TO-DATE
> Task :features:theme:packageDebugResources UP-TO-DATE
> Task :features:theme:processDebugNavigationResources UP-TO-DATE
> Task :features:theme:parseDebugLocalResources UP-TO-DATE
> Task :features:theme:generateDebugRFile UP-TO-DATE
> Task :config:bundleLibRuntimeToJarDebug UP-TO-DATE
> Task :data:bundleLibRuntimeToJarDebug UP-TO-DATE
> Task :features:common:bundleLibRuntimeToJarDebug UP-TO-DATE
> Task :features:theme:checkKotlinGradlePluginConfigurationErrors SKIPPED
> Task :features:theme:kspDebugKotlin UP-TO-DATE
> Task :features:theme:compileDebugKotlin UP-TO-DATE
> Task :features:theme:javaPreCompileDebug UP-TO-DATE
> Task :features:theme:compileDebugJavaWithJavac UP-TO-DATE
> Task :features:theme:transformDebugClassesWithAsm UP-TO-DATE
> Task :features:theme:bundleLibCompileToJarDebug UP-TO-DATE
> Task :features:seat:kspDebugKotlin
> Task :features:seat:compileDebugKotlin

[Incubating] Problems report is available at: file:///F:/Agent_Work/BIT-102/BIT101-seat/build/reports/problems/problems-report.html

Deprecated Gradle features were used in this build, making it incompatible with Gradle 9.0.

You can use '--warning-mode all' to show the individual deprecation warnings and determine if they come from your own scripts or plugins.

For more on this, please refer to https://docs.gradle.org/8.14.5/userguide/command_line_interface.html#sec:command_line_warnings in the Gradle documentation.

BUILD SUCCESSFUL in 56s
57 actionable tasks: 2 executed, 55 up-to-date
